2025-02-04T13:10:45.642+0530 [DEBUG] [org.gradle.launcher.daemon.bootstrap.DaemonMain] Assuming the daemon was started with following jvm opts: [--add-opens, java.base/java.util=ALL-UNNAMED, --add-opens, java.base/java.lang=ALL-UNNAMED, --add-opens, java.base/java.lang.invoke=ALL-UNNAMED, --add-opens, java.prefs/java.util.prefs=ALL-UNNAMED, -Xms1g, -Xmx4g, -Dfile.encoding=windows-1252, -Duser.country=US, -Duser.language=en, -Duser.variant]
2025-02-04T13:10:45.752+0530 [DEBUG] [org.gradle.internal.nativeintegration.services.NativeServices] Native-platform posix files integration is not available. Continuing with fallback.
2025-02-04T13:10:45.792+0530 [INFO] [org.gradle.launcher.daemon.server.Daemon] start() called on daemon - DefaultDaemonContext[uid=6758616d-1f9b-44f0-97e8-1ccfc967f588,javaHome=D:\Software\Java_JDK_and_ANT\jdk-11.0.12,daemonRegistryDir=D:\Guidewire\TrainingApp10_General_v6\TrainingApp10_General_v6\GW10\TrainingApp\gradle\cache\daemon,pid=10840,idleTimeout=120000,priority=NORMAL,daemonOpts=--add-opens,java.base/java.util=ALL-UNNAMED,--add-opens,java.base/java.lang=ALL-UNNAMED,--add-opens,java.base/java.lang.invoke=ALL-UNNAMED,--add-opens,java.prefs/java.util.prefs=ALL-UNNAMED,-Xms1g,-Xmx4g,-Dfile.encoding=windows-1252,-Duser.country=US,-Duser.language=en,-Duser.variant]
2025-02-04T13:10:46.176+0530 [DEBUG] [org.gradle.internal.remote.internal.inet.InetAddresses] Adding IP addresses for network interface Software Loopback Interface 1
2025-02-04T13:10:46.179+0530 [DEBUG] [org.gradle.internal.remote.internal.inet.InetAddresses] Is this a loopback interface? true
2025-02-04T13:10:46.190+0530 [DEBUG] [org.gradle.internal.remote.internal.inet.InetAddresses] Adding loopback address /127.0.0.1
2025-02-04T13:10:46.191+0530 [DEBUG] [org.gradle.internal.remote.internal.inet.InetAddresses] Adding loopback address /0:0:0:0:0:0:0:1
2025-02-04T13:10:46.195+0530 [DEBUG] [org.gradle.internal.remote.internal.inet.InetAddresses] Adding IP addresses for network interface WAN Miniport (L2TP)
2025-02-04T13:10:46.197+0530 [DEBUG] [org.gradle.internal.remote.internal.inet.InetAddresses] Is this a loopback interface? false
2025-02-04T13:10:46.198+0530 [DEBUG] [org.gradle.internal.remote.internal.inet.InetAddresses] Adding IP addresses for network interface Microsoft 6to4 Adapter
2025-02-04T13:10:46.200+0530 [DEBUG] [org.gradle.internal.remote.internal.inet.InetAddresses] Is this a loopback interface? false
2025-02-04T13:10:46.200+0530 [DEBUG] [org.gradle.internal.remote.internal.inet.InetAddresses] Adding IP addresses for network interface Microsoft Kernel Debug Network Adapter
2025-02-04T13:10:46.202+0530 [DEBUG] [org.gradle.internal.remote.internal.inet.InetAddresses] Is this a loopback interface? false
2025-02-04T13:10:46.203+0530 [DEBUG] [org.gradle.internal.remote.internal.inet.InetAddresses] Adding IP addresses for network interface WAN Miniport (IKEv2)
2025-02-04T13:10:46.205+0530 [DEBUG] [org.gradle.internal.remote.internal.inet.InetAddresses] Is this a loopback interface? false
2025-02-04T13:10:46.205+0530 [DEBUG] [org.gradle.internal.remote.internal.inet.InetAddresses] Adding IP addresses for network interface Microsoft IP-HTTPS Platform Adapter
2025-02-04T13:10:46.207+0530 [DEBUG] [org.gradle.internal.remote.internal.inet.InetAddresses] Is this a loopback interface? false
2025-02-04T13:10:46.207+0530 [DEBUG] [org.gradle.internal.remote.internal.inet.InetAddresses] Adding IP addresses for network interface Bluetooth Device (Personal Area Network)
2025-02-04T13:10:46.210+0530 [DEBUG] [org.gradle.internal.remote.internal.inet.InetAddresses] Is this a loopback interface? false
2025-02-04T13:10:46.210+0530 [DEBUG] [org.gradle.internal.remote.internal.inet.InetAddresses] Adding remote address /fe80:0:0:0:7e01:3613:a057:b45d%eth1
2025-02-04T13:10:46.210+0530 [DEBUG] [org.gradle.internal.remote.internal.inet.InetAddresses] Adding IP addresses for network interface WAN Miniport (Network Monitor)
2025-02-04T13:10:46.212+0530 [DEBUG] [org.gradle.internal.remote.internal.inet.InetAddresses] Is this a loopback interface? false
2025-02-04T13:10:46.212+0530 [DEBUG] [org.gradle.internal.remote.internal.inet.InetAddresses] Adding IP addresses for network interface WAN Miniport (IPv6)
2025-02-04T13:10:46.215+0530 [DEBUG] [org.gradle.internal.remote.internal.inet.InetAddresses] Is this a loopback interface? false
2025-02-04T13:10:46.215+0530 [DEBUG] [org.gradle.internal.remote.internal.inet.InetAddresses] Adding IP addresses for network interface Microsoft Wi-Fi Direct Virtual Adapter #2
2025-02-04T13:10:46.218+0530 [DEBUG] [org.gradle.internal.remote.internal.inet.InetAddresses] Is this a loopback interface? false
2025-02-04T13:10:46.218+0530 [DEBUG] [org.gradle.internal.remote.internal.inet.InetAddresses] Adding remote address /fe80:0:0:0:f311:a6a1:47fe:a23b%wlan0
2025-02-04T13:10:46.218+0530 [DEBUG] [org.gradle.internal.remote.internal.inet.InetAddresses] Adding IP addresses for network interface Intel(R) Ethernet Connection (4) I219-LM
2025-02-04T13:10:46.220+0530 [DEBUG] [org.gradle.internal.remote.internal.inet.InetAddresses] Is this a loopback interface? false
2025-02-04T13:10:46.220+0530 [DEBUG] [org.gradle.internal.remote.internal.inet.InetAddresses] Adding remote address /fe80:0:0:0:69a3:5c58:ac22:305e%eth4
2025-02-04T13:10:46.220+0530 [DEBUG] [org.gradle.internal.remote.internal.inet.InetAddresses] Adding IP addresses for network interface Microsoft Teredo Tunneling Adapter
2025-02-04T13:10:46.223+0530 [DEBUG] [org.gradle.internal.remote.internal.inet.InetAddresses] Is this a loopback interface? false
2025-02-04T13:10:46.223+0530 [DEBUG] [org.gradle.internal.remote.internal.inet.InetAddresses] Adding IP addresses for network interface WAN Miniport (SSTP)
2025-02-04T13:10:46.225+0530 [DEBUG] [org.gradle.internal.remote.internal.inet.InetAddresses] Is this a loopback interface? false
2025-02-04T13:10:46.225+0530 [DEBUG] [org.gradle.internal.remote.internal.inet.InetAddresses] Adding IP addresses for network interface Microsoft Wi-Fi Direct Virtual Adapter
2025-02-04T13:10:46.228+0530 [DEBUG] [org.gradle.internal.remote.internal.inet.InetAddresses] Is this a loopback interface? false
2025-02-04T13:10:46.228+0530 [DEBUG] [org.gradle.internal.remote.internal.inet.InetAddresses] Adding remote address /fe80:0:0:0:6a27:d8b:b5dd:90e%wlan1
2025-02-04T13:10:46.228+0530 [DEBUG] [org.gradle.internal.remote.internal.inet.InetAddresses] Adding IP addresses for network interface WAN Miniport (IP)
2025-02-04T13:10:46.230+0530 [DEBUG] [org.gradle.internal.remote.internal.inet.InetAddresses] Is this a loopback interface? false
2025-02-04T13:10:46.230+0530 [DEBUG] [org.gradle.internal.remote.internal.inet.InetAddresses] Adding IP addresses for network interface WAN Miniport (PPPOE)
2025-02-04T13:10:46.233+0530 [DEBUG] [org.gradle.internal.remote.internal.inet.InetAddresses] Is this a loopback interface? false
2025-02-04T13:10:46.233+0530 [DEBUG] [org.gradle.internal.remote.internal.inet.InetAddresses] Adding IP addresses for network interface WAN Miniport (PPTP)
2025-02-04T13:10:46.235+0530 [DEBUG] [org.gradle.internal.remote.internal.inet.InetAddresses] Is this a loopback interface? false
2025-02-04T13:10:46.235+0530 [DEBUG] [org.gradle.internal.remote.internal.inet.InetAddresses] Adding IP addresses for network interface Intel(R) Dual Band Wireless-AC 8265
2025-02-04T13:10:46.237+0530 [DEBUG] [org.gradle.internal.remote.internal.inet.InetAddresses] Is this a loopback interface? false
2025-02-04T13:10:46.238+0530 [DEBUG] [org.gradle.internal.remote.internal.inet.InetAddresses] Adding remote address /192.168.1.24
2025-02-04T13:10:46.238+0530 [DEBUG] [org.gradle.internal.remote.internal.inet.InetAddresses] Adding remote address /2401:4900:1f37:213a:edbb:fc73:db6e:5cdd
2025-02-04T13:10:46.238+0530 [DEBUG] [org.gradle.internal.remote.internal.inet.InetAddresses] Adding remote address /2401:4900:1f37:213a:c9dc:7e0a:8a38:9a08
2025-02-04T13:10:46.238+0530 [DEBUG] [org.gradle.internal.remote.internal.inet.InetAddresses] Adding remote address /fe80:0:0:0:f8a3:e511:410e:c90f%wlan2
2025-02-04T13:10:46.238+0530 [DEBUG] [org.gradle.internal.remote.internal.inet.InetAddresses] Adding IP addresses for network interface Intel(R) Ethernet Connection (4) I219-LM-WFP Native MAC Layer LightWeight Filter-0000
2025-02-04T13:10:46.241+0530 [DEBUG] [org.gradle.internal.remote.internal.inet.InetAddresses] Is this a loopback interface? false
2025-02-04T13:10:46.241+0530 [DEBUG] [org.gradle.internal.remote.internal.inet.InetAddresses] Adding IP addresses for network interface Intel(R) Ethernet Connection (4) I219-LM-QoS Packet Scheduler-0000
2025-02-04T13:10:46.243+0530 [DEBUG] [org.gradle.internal.remote.internal.inet.InetAddresses] Is this a loopback interface? false
2025-02-04T13:10:46.243+0530 [DEBUG] [org.gradle.internal.remote.internal.inet.InetAddresses] Adding IP addresses for network interface Intel(R) Ethernet Connection (4) I219-LM-WFP 802.3 MAC Layer LightWeight Filter-0000
2025-02-04T13:10:46.245+0530 [DEBUG] [org.gradle.internal.remote.internal.inet.InetAddresses] Is this a loopback interface? false
2025-02-04T13:10:46.246+0530 [DEBUG] [org.gradle.internal.remote.internal.inet.InetAddresses] Adding IP addresses for network interface Intel(R) Dual Band Wireless-AC 8265-WFP Native MAC Layer LightWeight Filter-0000
2025-02-04T13:10:46.248+0530 [DEBUG] [org.gradle.internal.remote.internal.inet.InetAddresses] Is this a loopback interface? false
2025-02-04T13:10:46.248+0530 [DEBUG] [org.gradle.internal.remote.internal.inet.InetAddresses] Adding IP addresses for network interface Intel(R) Dual Band Wireless-AC 8265-Virtual WiFi Filter Driver-0000
2025-02-04T13:10:46.250+0530 [DEBUG] [org.gradle.internal.remote.internal.inet.InetAddresses] Is this a loopback interface? false
2025-02-04T13:10:46.250+0530 [DEBUG] [org.gradle.internal.remote.internal.inet.InetAddresses] Adding IP addresses for network interface Intel(R) Dual Band Wireless-AC 8265-Native WiFi Filter Driver-0000
2025-02-04T13:10:46.252+0530 [DEBUG] [org.gradle.internal.remote.internal.inet.InetAddresses] Is this a loopback interface? false
2025-02-04T13:10:46.252+0530 [DEBUG] [org.gradle.internal.remote.internal.inet.InetAddresses] Adding IP addresses for network interface Intel(R) Dual Band Wireless-AC 8265-QoS Packet Scheduler-0000
2025-02-04T13:10:46.255+0530 [DEBUG] [org.gradle.internal.remote.internal.inet.InetAddresses] Is this a loopback interface? false
2025-02-04T13:10:46.255+0530 [DEBUG] [org.gradle.internal.remote.internal.inet.InetAddresses] Adding IP addresses for network interface Intel(R) Dual Band Wireless-AC 8265-WFP 802.3 MAC Layer LightWeight Filter-0000
2025-02-04T13:10:46.257+0530 [DEBUG] [org.gradle.internal.remote.internal.inet.InetAddresses] Is this a loopback interface? false
2025-02-04T13:10:46.257+0530 [DEBUG] [org.gradle.internal.remote.internal.inet.InetAddresses] Adding IP addresses for network interface WAN Miniport (IP)-WFP Native MAC Layer LightWeight Filter-0000
2025-02-04T13:10:46.259+0530 [DEBUG] [org.gradle.internal.remote.internal.inet.InetAddresses] Is this a loopback interface? false
2025-02-04T13:10:46.260+0530 [DEBUG] [org.gradle.internal.remote.internal.inet.InetAddresses] Adding IP addresses for network interface WAN Miniport (IP)-QoS Packet Scheduler-0000
2025-02-04T13:10:46.262+0530 [DEBUG] [org.gradle.internal.remote.internal.inet.InetAddresses] Is this a loopback interface? false
2025-02-04T13:10:46.262+0530 [DEBUG] [org.gradle.internal.remote.internal.inet.InetAddresses] Adding IP addresses for network interface WAN Miniport (IPv6)-WFP Native MAC Layer LightWeight Filter-0000
2025-02-04T13:10:46.264+0530 [DEBUG] [org.gradle.internal.remote.internal.inet.InetAddresses] Is this a loopback interface? false
2025-02-04T13:10:46.265+0530 [DEBUG] [org.gradle.internal.remote.internal.inet.InetAddresses] Adding IP addresses for network interface WAN Miniport (IPv6)-QoS Packet Scheduler-0000
2025-02-04T13:10:46.267+0530 [DEBUG] [org.gradle.internal.remote.internal.inet.InetAddresses] Is this a loopback interface? false
2025-02-04T13:10:46.267+0530 [DEBUG] [org.gradle.internal.remote.internal.inet.InetAddresses] Adding IP addresses for network interface WAN Miniport (Network Monitor)-WFP Native MAC Layer LightWeight Filter-0000
2025-02-04T13:10:46.269+0530 [DEBUG] [org.gradle.internal.remote.internal.inet.InetAddresses] Is this a loopback interface? false
2025-02-04T13:10:46.269+0530 [DEBUG] [org.gradle.internal.remote.internal.inet.InetAddresses] Adding IP addresses for network interface WAN Miniport (Network Monitor)-QoS Packet Scheduler-0000
2025-02-04T13:10:46.271+0530 [DEBUG] [org.gradle.internal.remote.internal.inet.InetAddresses] Is this a loopback interface? false
2025-02-04T13:10:46.271+0530 [DEBUG] [org.gradle.internal.remote.internal.inet.InetAddresses] Adding IP addresses for network interface Microsoft Wi-Fi Direct Virtual Adapter-WFP Native MAC Layer LightWeight Filter-0000
2025-02-04T13:10:46.274+0530 [DEBUG] [org.gradle.internal.remote.internal.inet.InetAddresses] Is this a loopback interface? false
2025-02-04T13:10:46.274+0530 [DEBUG] [org.gradle.internal.remote.internal.inet.InetAddresses] Adding IP addresses for network interface Microsoft Wi-Fi Direct Virtual Adapter-Native WiFi Filter Driver-0000
2025-02-04T13:10:46.276+0530 [DEBUG] [org.gradle.internal.remote.internal.inet.InetAddresses] Is this a loopback interface? false
2025-02-04T13:10:46.276+0530 [DEBUG] [org.gradle.internal.remote.internal.inet.InetAddresses] Adding IP addresses for network interface Microsoft Wi-Fi Direct Virtual Adapter-QoS Packet Scheduler-0000
2025-02-04T13:10:46.279+0530 [DEBUG] [org.gradle.internal.remote.internal.inet.InetAddresses] Is this a loopback interface? false
2025-02-04T13:10:46.279+0530 [DEBUG] [org.gradle.internal.remote.internal.inet.InetAddresses] Adding IP addresses for network interface Microsoft Wi-Fi Direct Virtual Adapter-WFP 802.3 MAC Layer LightWeight Filter-0000
2025-02-04T13:10:46.281+0530 [DEBUG] [org.gradle.internal.remote.internal.inet.InetAddresses] Is this a loopback interface? false
2025-02-04T13:10:46.281+0530 [DEBUG] [org.gradle.internal.remote.internal.inet.InetAddresses] Adding IP addresses for network interface Microsoft Wi-Fi Direct Virtual Adapter #2-WFP Native MAC Layer LightWeight Filter-0000
2025-02-04T13:10:46.283+0530 [DEBUG] [org.gradle.internal.remote.internal.inet.InetAddresses] Is this a loopback interface? false
2025-02-04T13:10:46.283+0530 [DEBUG] [org.gradle.internal.remote.internal.inet.InetAddresses] Adding IP addresses for network interface Microsoft Wi-Fi Direct Virtual Adapter #2-Native WiFi Filter Driver-0000
2025-02-04T13:10:46.286+0530 [DEBUG] [org.gradle.internal.remote.internal.inet.InetAddresses] Is this a loopback interface? false
2025-02-04T13:10:46.286+0530 [DEBUG] [org.gradle.internal.remote.internal.inet.InetAddresses] Adding IP addresses for network interface Microsoft Wi-Fi Direct Virtual Adapter #2-QoS Packet Scheduler-0000
2025-02-04T13:10:46.288+0530 [DEBUG] [org.gradle.internal.remote.internal.inet.InetAddresses] Is this a loopback interface? false
2025-02-04T13:10:46.288+0530 [DEBUG] [org.gradle.internal.remote.internal.inet.InetAddresses] Adding IP addresses for network interface Microsoft Wi-Fi Direct Virtual Adapter #2-WFP 802.3 MAC Layer LightWeight Filter-0000
2025-02-04T13:10:46.290+0530 [DEBUG] [org.gradle.internal.remote.internal.inet.InetAddresses] Is this a loopback interface? false
2025-02-04T13:10:46.292+0530 [DEBUG] [org.gradle.internal.remote.internal.inet.TcpIncomingConnector] Listening on [45fd4241-17bd-4c1c-83b2-9d6316314c01 port:55808, addresses:[localhost/127.0.0.1]].
2025-02-04T13:10:46.301+0530 [DEBUG] [org.gradle.launcher.daemon.server.Daemon] Daemon starting at: Tue Feb 04 13:10:46 IST 2025, with address: [45fd4241-17bd-4c1c-83b2-9d6316314c01 port:55808, addresses:[localhost/127.0.0.1]]
2025-02-04T13:10:46.301+0530 [INFO] [org.gradle.launcher.daemon.server.DaemonRegistryUpdater] Advertising the daemon address to the clients: [45fd4241-17bd-4c1c-83b2-9d6316314c01 port:55808, addresses:[localhost/127.0.0.1]]
2025-02-04T13:10:46.301+0530 [DEBUG] [org.gradle.launcher.daemon.server.DaemonRegistryUpdater] Advertised daemon context: DefaultDaemonContext[uid=6758616d-1f9b-44f0-97e8-1ccfc967f588,javaHome=D:\Software\Java_JDK_and_ANT\jdk-11.0.12,daemonRegistryDir=D:\Guidewire\TrainingApp10_General_v6\TrainingApp10_General_v6\GW10\TrainingApp\gradle\cache\daemon,pid=10840,idleTimeout=120000,priority=NORMAL,daemonOpts=--add-opens,java.base/java.util=ALL-UNNAMED,--add-opens,java.base/java.lang=ALL-UNNAMED,--add-opens,java.base/java.lang.invoke=ALL-UNNAMED,--add-opens,java.prefs/java.util.prefs=ALL-UNNAMED,-Xms1g,-Xmx4g,-Dfile.encoding=windows-1252,-Duser.country=US,-Duser.language=en,-Duser.variant]
2025-02-04T13:10:46.302+0530 [DEBUG] [org.gradle.launcher.daemon.registry.PersistentDaemonRegistry] Storing daemon address: [45fd4241-17bd-4c1c-83b2-9d6316314c01 port:55808, addresses:[localhost/127.0.0.1]], context: DefaultDaemonContext[uid=6758616d-1f9b-44f0-97e8-1ccfc967f588,javaHome=D:\Software\Java_JDK_and_ANT\jdk-11.0.12,daemonRegistryDir=D:\Guidewire\TrainingApp10_General_v6\TrainingApp10_General_v6\GW10\TrainingApp\gradle\cache\daemon,pid=10840,idleTimeout=120000,priority=NORMAL,daemonOpts=--add-opens,java.base/java.util=ALL-UNNAMED,--add-opens,java.base/java.lang=ALL-UNNAMED,--add-opens,java.base/java.lang.invoke=ALL-UNNAMED,--add-opens,java.prefs/java.util.prefs=ALL-UNNAMED,-Xms1g,-Xmx4g,-Dfile.encoding=windows-1252,-Duser.country=US,-Duser.language=en,-Duser.variant]
2025-02-04T13:10:46.316+0530 [DEBUG] [org.gradle.cache.internal.DefaultFileLockManager] Waiting to acquire exclusive lock on daemon addresses registry.
2025-02-04T13:10:46.318+0530 [DEBUG] [org.gradle.cache.internal.DefaultFileLockManager] Lock acquired on daemon addresses registry.
2025-02-04T13:10:46.322+0530 [DEBUG] [org.gradle.cache.internal.DefaultFileLockManager] Releasing lock on daemon addresses registry.
2025-02-04T13:10:46.323+0530 [LIFECYCLE] [org.gradle.launcher.daemon.server.Daemon] Daemon server started.
2025-02-04T13:10:46.324+0530 [DEBUG] [org.gradle.launcher.daemon.bootstrap.DaemonStartupCommunication] Completed writing the daemon greeting. Closing streams...
2025-02-04T13:10:46.328+0530 [DEBUG] [org.gradle.launcher.daemon.server.Daemon] stopOnExpiration() called on daemon
2025-02-04T13:10:46.329+0530 [DEBUG] [org.gradle.launcher.daemon.server.Daemon] awaitExpiration() called on daemon
2025-02-04T13:10:46.329+0530 [DEBUG] [org.gradle.launcher.daemon.server.DaemonStateCoordinator] daemon is running. Sleeping until state changes.
2025-02-04T13:10:46.605+0530 [DEBUG] [org.gradle.internal.remote.internal.inet.TcpIncomingConnector] Accepted connection from /127.0.0.1:55809 to /127.0.0.1:55808.
2025-02-04T13:10:46.646+0530 [DEBUG] [org.gradle.launcher.daemon.server.SynchronizedDispatchConnection] thread 20: received class org.gradle.launcher.daemon.protocol.Build
2025-02-04T13:10:46.646+0530 [DEBUG] [org.gradle.launcher.daemon.server.DefaultDaemonConnection] thread 20: Received non-IO message from client: Build{id=93a1bbfe-5c18-49f4-ad4a-c7ca133763f4, currentDir=D:\Guidewire\TrainingApp10_General_v6\TrainingApp10_General_v6\GW10\TrainingApp}
2025-02-04T13:10:46.646+0530 [INFO] [org.gradle.launcher.daemon.server.DefaultIncomingConnectionHandler] Received command: Build{id=93a1bbfe-5c18-49f4-ad4a-c7ca133763f4, currentDir=D:\Guidewire\TrainingApp10_General_v6\TrainingApp10_General_v6\GW10\TrainingApp}.
2025-02-04T13:10:46.646+0530 [DEBUG] [org.gradle.launcher.daemon.server.DefaultIncomingConnectionHandler] Starting executing command: Build{id=93a1bbfe-5c18-49f4-ad4a-c7ca133763f4, currentDir=D:\Guidewire\TrainingApp10_General_v6\TrainingApp10_General_v6\GW10\TrainingApp} with connection: socket connection from /127.0.0.1:55808 to /127.0.0.1:55809.
2025-02-04T13:10:46.649+0530 [ERROR] [org.gradle.launcher.daemon.server.DaemonStateCoordinator] Command execution: started DaemonCommandExecution[command = Build{id=93a1bbfe-5c18-49f4-ad4a-c7ca133763f4, currentDir=D:\Guidewire\TrainingApp10_General_v6\TrainingApp10_General_v6\GW10\TrainingApp}, connection = DefaultDaemonConnection: socket connection from /127.0.0.1:55808 to /127.0.0.1:55809] after 0.0 minutes of idle
2025-02-04T13:10:46.649+0530 [INFO] [org.gradle.launcher.daemon.server.DaemonRegistryUpdater] Marking the daemon as busy, address: [45fd4241-17bd-4c1c-83b2-9d6316314c01 port:55808, addresses:[localhost/127.0.0.1]]
2025-02-04T13:10:46.649+0530 [DEBUG] [org.gradle.launcher.daemon.registry.PersistentDaemonRegistry] Marking busy by address: [45fd4241-17bd-4c1c-83b2-9d6316314c01 port:55808, addresses:[localhost/127.0.0.1]]
2025-02-04T13:10:46.650+0530 [DEBUG] [org.gradle.cache.internal.DefaultFileLockManager] Waiting to acquire exclusive lock on daemon addresses registry.
2025-02-04T13:10:46.650+0530 [DEBUG] [org.gradle.cache.internal.DefaultFileLockManager] Lock acquired on daemon addresses registry.
2025-02-04T13:10:46.651+0530 [DEBUG] [org.gradle.cache.internal.DefaultFileLockManager] Releasing lock on daemon addresses registry.
2025-02-04T13:10:46.651+0530 [DEBUG] [org.gradle.launcher.daemon.server.DaemonStateCoordinator] resetting idle timer
2025-02-04T13:10:46.651+0530 [DEBUG] [org.gradle.launcher.daemon.server.DaemonStateCoordinator] daemon is running. Sleeping until state changes.
2025-02-04T13:10:46.652+0530 [INFO] [org.gradle.launcher.daemon.server.exec.StartBuildOrRespondWithBusy] Daemon is about to start building Build{id=93a1bbfe-5c18-49f4-ad4a-c7ca133763f4, currentDir=D:\Guidewire\TrainingApp10_General_v6\TrainingApp10_General_v6\GW10\TrainingApp}. Dispatching build started information...
2025-02-04T13:10:46.653+0530 [DEBUG] [org.gradle.launcher.daemon.server.SynchronizedDispatchConnection] thread 22: dispatching org.gradle.launcher.daemon.protocol.BuildStarted@749fbf76
2025-02-04T13:10:46.655+0530 [DEBUG] [org.gradle.launcher.daemon.server.exec.EstablishBuildEnvironment] Configuring env variables: {USERDOMAIN_ROAMINGPROFILE=DESKTOP-5IIG7F6, PROCESSOR_LEVEL=6, SESSIONNAME=Console, ALLUSERSPROFILE=C:\ProgramData, PROCESSOR_ARCHITECTURE=AMD64, PSModulePath=C:\Program Files\WindowsPowerShell\Modules;C:\WINDOWS\system32\WindowsPowerShell\v1.0\Modules, SystemDrive=C:, EFC_14748=1, DIRNAME=D:\Guidewire\TrainingApp10_General_v6\TrainingApp10_General_v6\GW10\TrainingApp\, USERNAME=Manish Sharma, CMD_LINE_ARGS=studio, ProgramFiles(x86)=C:\Program Files (x86), FPS_BROWSER_USER_PROFILE_STRING=Default, APP_HOME=D:\Guidewire\TrainingApp10_General_v6\TrainingApp10_General_v6\GW10\TrainingApp\, DEFAULT_JVM_OPTS="-Xmx1g" -Dgw.port=8880, PATHEXT=.COM;.EXE;.BAT;.CMD;.VBS;.VBE;.JS;.JSE;.WSF;.WSH;.MSC, DriverData=C:\Windows\System32\Drivers\DriverData, ProgramData=C:\ProgramData, ProgramW6432=C:\Program Files, HOMEPATH=\Users\Manish Sharma, PROCESSOR_IDENTIFIER=Intel64 Family 6 Model 142 Stepping 10, GenuineIntel, ProgramFiles=C:\Program Files, PUBLIC=C:\Users\Public, windir=C:\WINDOWS, =::=::\, ZES_ENABLE_SYSMAN=1, _SKIP=2, LOCALAPPDATA=C:\Users\Manish Sharma\AppData\Local, USERDOMAIN=DESKTOP-5IIG7F6, FPS_BROWSER_APP_PROFILE_STRING=Internet Explorer, LOGONSERVER=\\DESKTOP-5IIG7F6, JAVA_HOME=D:\Software\Java_JDK_and_ANT\jdk-11.0.12, PROMPT=$P$G, OneDrive=C:\Users\Manish Sharma\OneDrive, APPDATA=C:\Users\Manish Sharma\AppData\Roaming, JAVA_EXE=D:\Software\Java_JDK_and_ANT\jdk-11.0.12/bin/java.exe, CommonProgramFiles=C:\Program Files\Common Files, Path=C:\WINDOWS\system32;C:\WINDOWS;C:\WINDOWS\System32\Wbem;C:\WINDOWS\System32\WindowsPowerShell\v1.0\;C:\WINDOWS\System32\OpenSSH\;C:\Program Files\Intel\WiFi\bin\;C:\Program Files\Common Files\Intel\WirelessCommon\;C:\Program Files\Git\cmd;D:\Software\Java_JDK_and_ANT\jdk-11.0.12\bin;C:\Users\Manish Sharma\AppData\Local\Microsoft\WindowsApps;, OS=Windows_NT, COMPUTERNAME=DESKTOP-5IIG7F6, PROCESSOR_REVISION=8e0a, CLASSPATH=D:\Guidewire\TrainingApp10_General_v6\TrainingApp10_General_v6\GW10\TrainingApp\\gradle\wrapper\gradle-wrapper.jar, CommonProgramW6432=C:\Program Files\Common Files, ComSpec=C:\WINDOWS\system32\cmd.exe, APP_BASE_NAME=gwb, =D:=D:\Guidewire\TrainingApp10_General_v6\TrainingApp10_General_v6\GW10\TrainingApp, SystemRoot=C:\WINDOWS, TEMP=C:\Users\MANISH~1\AppData\Local\Temp, HOMEDRIVE=C:, USERPROFILE=C:\Users\Manish Sharma, TMP=C:\Users\MANISH~1\AppData\Local\Temp, CommonProgramFiles(x86)=C:\Program Files (x86)\Common Files, NUMBER_OF_PROCESSORS=8}
2025-02-04T13:10:46.666+0530 [DEBUG] [org.gradle.launcher.daemon.server.exec.LogToClient] About to start relaying all logs to the client via the connection.
2025-02-04T13:10:46.666+0530 [INFO] [org.gradle.launcher.daemon.server.exec.LogToClient] The client will now receive all logging from the daemon (pid: 10840). The daemon log file: D:\Guidewire\TrainingApp10_General_v6\TrainingApp10_General_v6\GW10\TrainingApp\gradle\cache\daemon\6.5.1\daemon-10840.out.log
2025-02-04T13:10:46.668+0530 [DEBUG] [org.gradle.launcher.daemon.server.exec.RequestStopIfSingleUsedDaemon] Requesting daemon stop after processing Build{id=93a1bbfe-5c18-49f4-ad4a-c7ca133763f4, currentDir=D:\Guidewire\TrainingApp10_General_v6\TrainingApp10_General_v6\GW10\TrainingApp}
2025-02-04T13:10:46.668+0530 [LIFECYCLE] [org.gradle.launcher.daemon.server.DaemonStateCoordinator] Daemon will be stopped at the end of the build stopping after processing
2025-02-04T13:10:46.668+0530 [DEBUG] [org.gradle.launcher.daemon.server.DaemonStateCoordinator] Stop as soon as idle requested. The daemon is busy: true
2025-02-04T13:10:46.669+0530 [DEBUG] [org.gradle.launcher.daemon.server.DaemonStateCoordinator] daemon stop has been requested. Sleeping until state changes.
2025-02-04T13:10:46.676+0530 [DEBUG] [org.gradle.launcher.daemon.server.exec.ExecuteBuild] The daemon has started executing the build.
2025-02-04T13:10:46.676+0530 [DEBUG] [org.gradle.launcher.daemon.server.exec.ExecuteBuild] Executing build with daemon context: DefaultDaemonContext[uid=6758616d-1f9b-44f0-97e8-1ccfc967f588,javaHome=D:\Software\Java_JDK_and_ANT\jdk-11.0.12,daemonRegistryDir=D:\Guidewire\TrainingApp10_General_v6\TrainingApp10_General_v6\GW10\TrainingApp\gradle\cache\daemon,pid=10840,idleTimeout=120000,priority=NORMAL,daemonOpts=--add-opens,java.base/java.util=ALL-UNNAMED,--add-opens,java.base/java.lang=ALL-UNNAMED,--add-opens,java.base/java.lang.invoke=ALL-UNNAMED,--add-opens,java.prefs/java.util.prefs=ALL-UNNAMED,-Xms1g,-Xmx4g,-Dfile.encoding=windows-1252,-Duser.country=US,-Duser.language=en,-Duser.variant]
Importing POM com.guidewire.ab:ab-parent:10.1.2
Importing parent POM com.guidewire.ab:ab-all:10.1.2
Importing POM com.guidewire.ab:ab-all:10.1.2
Generating D:\Guidewire\TrainingApp10_General_v6\TrainingApp10_General_v6\GW10\TrainingApp\.idea\settings\idea.properties file
Generating D:\Guidewire\TrainingApp10_General_v6\TrainingApp10_General_v6\GW10\TrainingApp\.idea\settings\config\options\other.xml file
Generating D:\Guidewire\TrainingApp10_General_v6\TrainingApp10_General_v6\GW10\TrainingApp\.idea\settings\config\options\recentProjects.xml file
Using bundled jre: D:\Guidewire\TrainingApp10_General_v6\TrainingApp10_General_v6\GW10\TrainingApp\studio\sdk\jre\jre-win\bin\java.exe

Starting Guidewire Studio...

Deprecated Gradle features were used in this build, making it incompatible with Gradle 7.0.
Use '--warning-mode all' to show the individual deprecation warnings.
See https://docs.gradle.org/6.5.1/userguide/command_line_interface.html#sec:command_line_warnings

BUILD SUCCESSFUL in 45s
7 actionable tasks: 7 executed
2025-02-04T13:11:17.502+0530 [DEBUG] [org.gradle.launcher.daemon.server.exec.ExecuteBuild] The daemon has finished executing the build.
2025-02-04T13:11:17.519+0530 [DEBUG] [org.gradle.launcher.daemon.server.DaemonStateCoordinator] daemon stop has been requested. Sleeping until state changes.
2025-02-04T13:11:17.519+0530 [DEBUG] [org.gradle.launcher.daemon.server.DaemonStateCoordinator] Command execution: finished waiting for DaemonCommandExecution[command = Build{id=93a1bbfe-5c18-49f4-ad4a-c7ca133763f4, currentDir=D:\Guidewire\TrainingApp10_General_v6\TrainingApp10_General_v6\GW10\TrainingApp}, connection = DefaultDaemonConnection: socket connection from /127.0.0.1:55808 to /127.0.0.1:55809]. Result org.gradle.launcher.daemon.server.DaemonStateCoordinator@789eeef7 with state StopRequested
2025-02-04T13:11:17.520+0530 [DEBUG] [org.gradle.launcher.daemon.server.DaemonStateCoordinator] Command execution: completed DaemonCommandExecution[command = Build{id=93a1bbfe-5c18-49f4-ad4a-c7ca133763f4, currentDir=D:\Guidewire\TrainingApp10_General_v6\TrainingApp10_General_v6\GW10\TrainingApp}, connection = DefaultDaemonConnection: socket connection from /127.0.0.1:55808 to /127.0.0.1:55809]
2025-02-04T13:11:17.520+0530 [DEBUG] [org.gradle.launcher.daemon.server.DaemonStateCoordinator] resetting idle timer
2025-02-04T13:11:17.520+0530 [DEBUG] [org.gradle.launcher.daemon.server.DaemonStateCoordinator] Marking daemon stopped due to command completed and stop requested. The daemon is running a build: false
2025-02-04T13:11:17.520+0530 [DEBUG] [org.gradle.launcher.daemon.server.DaemonStateCoordinator] daemon has stopped.
2025-02-04T13:11:17.520+0530 [DEBUG] [org.gradle.launcher.daemon.server.Daemon] stop() called on daemon
2025-02-04T13:11:17.520+0530 [INFO] [org.gradle.launcher.daemon.server.Daemon] Stop requested. Daemon is removing its presence from the registry...
2025-02-04T13:11:17.520+0530 [DEBUG] [org.gradle.launcher.daemon.server.exec.ReturnResult] Daemon is dispatching the build result: Success[value=org.gradle.launcher.exec.BuildActionResult@7ada940d]
2025-02-04T13:11:17.521+0530 [DEBUG] [org.gradle.launcher.daemon.server.SynchronizedDispatchConnection] thread 19: dispatching Success[value=org.gradle.launcher.exec.BuildActionResult@7ada940d]
2025-02-04T13:11:17.521+0530 [DEBUG] [org.gradle.launcher.daemon.server.DaemonRegistryUpdater] Removing our presence to clients, eg. removing this address from the registry: [45fd4241-17bd-4c1c-83b2-9d6316314c01 port:55808, addresses:[localhost/127.0.0.1]]
2025-02-04T13:11:17.522+0530 [DEBUG] [org.gradle.launcher.daemon.registry.PersistentDaemonRegistry] Removing daemon address: [45fd4241-17bd-4c1c-83b2-9d6316314c01 port:55808, addresses:[localhost/127.0.0.1]]
2025-02-04T13:11:17.522+0530 [DEBUG] [org.gradle.launcher.daemon.server.DefaultIncomingConnectionHandler] Finishing executing command: Build{id=93a1bbfe-5c18-49f4-ad4a-c7ca133763f4, currentDir=D:\Guidewire\TrainingApp10_General_v6\TrainingApp10_General_v6\GW10\TrainingApp}
2025-02-04T13:11:17.523+0530 [DEBUG] [org.gradle.launcher.daemon.server.SynchronizedDispatchConnection] thread 20: received class org.gradle.launcher.daemon.protocol.CloseInput
2025-02-04T13:11:17.524+0530 [DEBUG] [org.gradle.launcher.daemon.server.DefaultDaemonConnection] thread 20: Received IO message from client: org.gradle.launcher.daemon.protocol.CloseInput@3e39aa3d
2025-02-04T13:11:17.524+0530 [DEBUG] [org.gradle.cache.internal.DefaultFileLockManager] Waiting to acquire exclusive lock on daemon addresses registry.
2025-02-04T13:11:17.524+0530 [DEBUG] [org.gradle.launcher.daemon.server.SynchronizedDispatchConnection] thread 20: received class org.gradle.launcher.daemon.protocol.Finished
2025-02-04T13:11:17.524+0530 [DEBUG] [org.gradle.launcher.daemon.server.DefaultDaemonConnection] thread 20: Received non-IO message from client: org.gradle.launcher.daemon.protocol.Finished@6111f579
2025-02-04T13:11:17.525+0530 [DEBUG] [org.gradle.launcher.daemon.server.DefaultIncomingConnectionHandler] Received finished message: org.gradle.launcher.daemon.protocol.Finished@6111f579
2025-02-04T13:11:17.525+0530 [DEBUG] [org.gradle.cache.internal.DefaultFileLockManager] Lock acquired on daemon addresses registry.
2025-02-04T13:11:17.525+0530 [DEBUG] [org.gradle.launcher.daemon.server.SynchronizedDispatchConnection] thread 19: stopping connection
2025-02-04T13:11:17.526+0530 [DEBUG] [org.gradle.cache.internal.DefaultFileLockManager] Releasing lock on daemon addresses registry.
2025-02-04T13:11:17.527+0530 [DEBUG] [org.gradle.internal.remote.internal.inet.SocketConnection] Discarding EOFException: java.io.EOFException
2025-02-04T13:11:17.527+0530 [DEBUG] [org.gradle.launcher.daemon.server.DaemonRegistryUpdater] Address removed from registry.
2025-02-04T13:11:17.528+0530 [DEBUG] [org.gradle.launcher.daemon.server.SynchronizedDispatchConnection] thread 20: received null
2025-02-04T13:11:17.528+0530 [DEBUG] [org.gradle.launcher.daemon.server.DefaultDaemonConnection] thread 20: Received end-of-input from client.
2025-02-04T13:11:17.529+0530 [DEBUG] [org.gradle.launcher.daemon.server.SynchronizedDispatchConnection] thread 19: stopping connection
2025-02-04T13:11:17.536+0530 [DEBUG] [org.gradle.cache.internal.LockOnDemandCrossProcessCacheAccess] Releasing file lock for jars (D:\Guidewire\TrainingApp10_General_v6\TrainingApp10_General_v6\GW10\TrainingApp\gradle\cache\caches\jars-8)
2025-02-04T13:11:17.537+0530 [DEBUG] [org.gradle.cache.internal.DefaultFileLockManager] Releasing lock on jars (D:\Guidewire\TrainingApp10_General_v6\TrainingApp10_General_v6\GW10\TrainingApp\gradle\cache\caches\jars-8).
2025-02-04T13:11:17.538+0530 [DEBUG] [org.gradle.cache.internal.DefaultPersistentDirectoryStore] jars (D:\Guidewire\TrainingApp10_General_v6\TrainingApp10_General_v6\GW10\TrainingApp\gradle\cache\caches\jars-8) has last been fully cleaned up 116 hours ago
2025-02-04T13:11:17.541+0530 [DEBUG] [org.gradle.cache.internal.AbstractCacheCleanup] jars (D:\Guidewire\TrainingApp10_General_v6\TrainingApp10_General_v6\GW10\TrainingApp\gradle\cache\caches\jars-8) cleanup deleted 0 files/directories.
2025-02-04T13:11:17.541+0530 [INFO] [org.gradle.cache.internal.LeastRecentlyUsedCacheCleanup] jars (D:\Guidewire\TrainingApp10_General_v6\TrainingApp10_General_v6\GW10\TrainingApp\gradle\cache\caches\jars-8) removing files not accessed on or after Tue Jan 28 13:10:46 IST 2025.
2025-02-04T13:11:17.542+0530 [DEBUG] [org.gradle.cache.internal.AbstractCacheCleanup] jars (D:\Guidewire\TrainingApp10_General_v6\TrainingApp10_General_v6\GW10\TrainingApp\gradle\cache\caches\jars-8) cleanup deleted 0 files/directories.
2025-02-04T13:11:17.542+0530 [INFO] [org.gradle.cache.internal.DefaultPersistentDirectoryStore] jars (D:\Guidewire\TrainingApp10_General_v6\TrainingApp10_General_v6\GW10\TrainingApp\gradle\cache\caches\jars-8) cleaned up in 0.003 secs.
2025-02-04T13:11:17.553+0530 [DEBUG] [org.gradle.cache.internal.LockOnDemandCrossProcessCacheAccess] Releasing file lock for file content cache (D:\Guidewire\TrainingApp10_General_v6\TrainingApp10_General_v6\GW10\TrainingApp\gradle\cache\caches\6.5.1\fileContent)
2025-02-04T13:11:17.554+0530 [DEBUG] [org.gradle.cache.internal.DefaultFileLockManager] Releasing lock on file content cache (D:\Guidewire\TrainingApp10_General_v6\TrainingApp10_General_v6\GW10\TrainingApp\gradle\cache\caches\6.5.1\fileContent).
2025-02-04T13:11:17.556+0530 [DEBUG] [org.gradle.cache.internal.DefaultPersistentDirectoryStore] Artifact transforms cache (D:\Guidewire\TrainingApp10_General_v6\TrainingApp10_General_v6\GW10\TrainingApp\gradle\cache\caches\transforms-2) has last been fully cleaned up 116 hours ago
2025-02-04T13:11:17.558+0530 [INFO] [org.gradle.cache.internal.LeastRecentlyUsedCacheCleanup] Artifact transforms cache (D:\Guidewire\TrainingApp10_General_v6\TrainingApp10_General_v6\GW10\TrainingApp\gradle\cache\caches\transforms-2) [subdir: D:\Guidewire\TrainingApp10_General_v6\TrainingApp10_General_v6\GW10\TrainingApp\gradle\cache\caches\transforms-2\files-2.1] removing files not accessed on or after Tue Jan 28 13:10:47 IST 2025.
2025-02-04T13:11:17.558+0530 [DEBUG] [org.gradle.cache.internal.AbstractCacheCleanup] Artifact transforms cache (D:\Guidewire\TrainingApp10_General_v6\TrainingApp10_General_v6\GW10\TrainingApp\gradle\cache\caches\transforms-2) [subdir: D:\Guidewire\TrainingApp10_General_v6\TrainingApp10_General_v6\GW10\TrainingApp\gradle\cache\caches\transforms-2\files-2.1] cleanup deleted 0 files/directories.
2025-02-04T13:11:17.558+0530 [INFO] [org.gradle.cache.internal.DefaultPersistentDirectoryStore] Artifact transforms cache (D:\Guidewire\TrainingApp10_General_v6\TrainingApp10_General_v6\GW10\TrainingApp\gradle\cache\caches\transforms-2) cleaned up in 0.001 secs.
2025-02-04T13:11:17.559+0530 [DEBUG] [org.gradle.cache.internal.DefaultCacheAccess] Cache Artifact transforms cache (D:\Guidewire\TrainingApp10_General_v6\TrainingApp10_General_v6\GW10\TrainingApp\gradle\cache\caches\transforms-2) was closed 0 times.
2025-02-04T13:11:17.559+0530 [DEBUG] [org.gradle.cache.internal.LockOnDemandCrossProcessCacheAccess] Releasing file lock for artifact cache (D:\Guidewire\TrainingApp10_General_v6\TrainingApp10_General_v6\GW10\TrainingApp\gradle\cache\caches\modules-2)
2025-02-04T13:11:17.559+0530 [DEBUG] [org.gradle.cache.internal.DefaultFileLockManager] Releasing lock on artifact cache (D:\Guidewire\TrainingApp10_General_v6\TrainingApp10_General_v6\GW10\TrainingApp\gradle\cache\caches\modules-2).
2025-02-04T13:11:17.560+0530 [DEBUG] [org.gradle.cache.internal.DefaultPersistentDirectoryStore] artifact cache (D:\Guidewire\TrainingApp10_General_v6\TrainingApp10_General_v6\GW10\TrainingApp\gradle\cache\caches\modules-2) has last been fully cleaned up 116 hours ago
2025-02-04T13:11:17.561+0530 [DEBUG] [org.gradle.cache.internal.AbstractCacheCleanup] artifact cache (D:\Guidewire\TrainingApp10_General_v6\TrainingApp10_General_v6\GW10\TrainingApp\gradle\cache\caches\modules-2) cleanup deleted 0 files/directories.
2025-02-04T13:11:17.561+0530 [DEBUG] [org.gradle.cache.internal.AbstractCacheCleanup] artifact cache (D:\Guidewire\TrainingApp10_General_v6\TrainingApp10_General_v6\GW10\TrainingApp\gradle\cache\caches\modules-2) [subdir: D:\Guidewire\TrainingApp10_General_v6\TrainingApp10_General_v6\GW10\TrainingApp\gradle\cache\caches\modules-2\resources-2.1] cleanup deleted 0 files/directories.
2025-02-04T13:11:17.561+0530 [INFO] [org.gradle.cache.internal.LeastRecentlyUsedCacheCleanup] artifact cache (D:\Guidewire\TrainingApp10_General_v6\TrainingApp10_General_v6\GW10\TrainingApp\gradle\cache\caches\modules-2) [subdir: D:\Guidewire\TrainingApp10_General_v6\TrainingApp10_General_v6\GW10\TrainingApp\gradle\cache\caches\modules-2\resources-2.1] removing files not accessed on or after Sun Jan 05 13:11:17 IST 2025.
2025-02-04T13:11:17.561+0530 [DEBUG] [org.gradle.cache.internal.AbstractCacheCleanup] artifact cache (D:\Guidewire\TrainingApp10_General_v6\TrainingApp10_General_v6\GW10\TrainingApp\gradle\cache\caches\modules-2) [subdir: D:\Guidewire\TrainingApp10_General_v6\TrainingApp10_General_v6\GW10\TrainingApp\gradle\cache\caches\modules-2\resources-2.1] cleanup deleted 0 files/directories.
2025-02-04T13:11:17.562+0530 [DEBUG] [org.gradle.cache.internal.AbstractCacheCleanup] artifact cache (D:\Guidewire\TrainingApp10_General_v6\TrainingApp10_General_v6\GW10\TrainingApp\gradle\cache\caches\modules-2) [subdir: D:\Guidewire\TrainingApp10_General_v6\TrainingApp10_General_v6\GW10\TrainingApp\gradle\cache\caches\modules-2\files-2.1] cleanup deleted 0 files/directories.
2025-02-04T13:11:17.562+0530 [INFO] [org.gradle.cache.internal.LeastRecentlyUsedCacheCleanup] artifact cache (D:\Guidewire\TrainingApp10_General_v6\TrainingApp10_General_v6\GW10\TrainingApp\gradle\cache\caches\modules-2) [subdir: D:\Guidewire\TrainingApp10_General_v6\TrainingApp10_General_v6\GW10\TrainingApp\gradle\cache\caches\modules-2\files-2.1] removing files not accessed on or after Sun Jan 05 13:11:17 IST 2025.
2025-02-04T13:11:17.562+0530 [DEBUG] [org.gradle.cache.internal.AbstractCacheCleanup] artifact cache (D:\Guidewire\TrainingApp10_General_v6\TrainingApp10_General_v6\GW10\TrainingApp\gradle\cache\caches\modules-2) [subdir: D:\Guidewire\TrainingApp10_General_v6\TrainingApp10_General_v6\GW10\TrainingApp\gradle\cache\caches\modules-2\files-2.1] cleanup deleted 0 files/directories.
2025-02-04T13:11:17.562+0530 [DEBUG] [org.gradle.cache.internal.AbstractCacheCleanup] artifact cache (D:\Guidewire\TrainingApp10_General_v6\TrainingApp10_General_v6\GW10\TrainingApp\gradle\cache\caches\modules-2) [subdir: D:\Guidewire\TrainingApp10_General_v6\TrainingApp10_General_v6\GW10\TrainingApp\gradle\cache\caches\modules-2\metadata-2.96] cleanup deleted 0 files/directories.
2025-02-04T13:11:17.563+0530 [INFO] [org.gradle.cache.internal.DefaultPersistentDirectoryStore] artifact cache (D:\Guidewire\TrainingApp10_General_v6\TrainingApp10_General_v6\GW10\TrainingApp\gradle\cache\caches\modules-2) cleaned up in 0.002 secs.
2025-02-04T13:11:17.564+0530 [DEBUG] [org.gradle.cache.internal.LockOnDemandCrossProcessCacheAccess] Releasing file lock for journal cache (D:\Guidewire\TrainingApp10_General_v6\TrainingApp10_General_v6\GW10\TrainingApp\gradle\cache\caches\journal-1)
2025-02-04T13:11:17.564+0530 [DEBUG] [org.gradle.cache.internal.btree.BTreePersistentIndexedCache] Closing cache file-access.bin (D:\Guidewire\TrainingApp10_General_v6\TrainingApp10_General_v6\GW10\TrainingApp\gradle\cache\caches\journal-1\file-access.bin)
2025-02-04T13:11:17.565+0530 [DEBUG] [org.gradle.cache.internal.DefaultFileLockManager] Releasing lock on journal cache (D:\Guidewire\TrainingApp10_General_v6\TrainingApp10_General_v6\GW10\TrainingApp\gradle\cache\caches\journal-1).
2025-02-04T13:11:17.566+0530 [DEBUG] [org.gradle.cache.internal.DefaultCacheAccess] Cache Generated Gradle JARs cache (D:\Guidewire\TrainingApp10_General_v6\TrainingApp10_General_v6\GW10\TrainingApp\gradle\cache\caches\6.5.1\generated-gradle-jars) was closed 0 times.
2025-02-04T13:11:17.567+0530 [DEBUG] [org.gradle.cache.internal.LockOnDemandCrossProcessCacheAccess] Releasing file lock for file hash cache (D:\Guidewire\TrainingApp10_General_v6\TrainingApp10_General_v6\GW10\TrainingApp\gradle\cache\caches\6.5.1\fileHashes)
2025-02-04T13:11:17.567+0530 [DEBUG] [org.gradle.cache.internal.btree.BTreePersistentIndexedCache] Closing cache fileHashes.bin (D:\Guidewire\TrainingApp10_General_v6\TrainingApp10_General_v6\GW10\TrainingApp\gradle\cache\caches\6.5.1\fileHashes\fileHashes.bin)
2025-02-04T13:11:17.567+0530 [DEBUG] [org.gradle.cache.internal.btree.BTreePersistentIndexedCache] Closing cache resourceHashesCache.bin (D:\Guidewire\TrainingApp10_General_v6\TrainingApp10_General_v6\GW10\TrainingApp\gradle\cache\caches\6.5.1\fileHashes\resourceHashesCache.bin)
2025-02-04T13:11:17.567+0530 [DEBUG] [org.gradle.cache.internal.DefaultFileLockManager] Releasing lock on file hash cache (D:\Guidewire\TrainingApp10_General_v6\TrainingApp10_General_v6\GW10\TrainingApp\gradle\cache\caches\6.5.1\fileHashes).
2025-02-04T13:11:17.568+0530 [DEBUG] [org.gradle.cache.internal.LockOnDemandCrossProcessCacheAccess] Releasing file lock for execution history cache (D:\Guidewire\TrainingApp10_General_v6\TrainingApp10_General_v6\GW10\TrainingApp\gradle\cache\caches\6.5.1\executionHistory)
2025-02-04T13:11:17.569+0530 [DEBUG] [org.gradle.cache.internal.DefaultFileLockManager] Releasing lock on execution history cache (D:\Guidewire\TrainingApp10_General_v6\TrainingApp10_General_v6\GW10\TrainingApp\gradle\cache\caches\6.5.1\executionHistory).
2025-02-04T13:11:17.570+0530 [DEBUG] [org.gradle.cache.internal.VersionSpecificCacheCleanupAction] Processed version-specific caches at D:\Guidewire\TrainingApp10_General_v6\TrainingApp10_General_v6\GW10\TrainingApp\gradle\cache\caches for cleanup in 0.0 secs
Daemon vm is shutting down... The daemon has exited normally or was terminated in response to a user interrupt.
2025-02-04T13:11:17.602+0530 [DEBUG] [org.gradle.launcher.daemon.registry.PersistentDaemonRegistry] Removing daemon address: [45fd4241-17bd-4c1c-83b2-9d6316314c01 port:55808, addresses:[localhost/127.0.0.1]]
2025-02-04T13:11:17.609+0530 [DEBUG] [org.gradle.cache.internal.DefaultFileLockManager] Waiting to acquire exclusive lock on daemon addresses registry.
2025-02-04T13:11:17.610+0530 [DEBUG] [org.gradle.cache.internal.DefaultFileLockManager] Lock acquired on daemon addresses registry.
2025-02-04T13:11:17.612+0530 [DEBUG] [org.gradle.cache.internal.DefaultFileLockManager] Releasing lock on daemon addresses registry.
